Dropping features with all zero values: []
Index(['logit_0', 'logit_1', 'logit_2', 'logit_3', 'logit_4', 'logit_5',
       'logit_6', 'logit_7', 'logit_8', 'logit_9', 'logit_10', 'logit_11',
       'logit_12', 'logit_13', 'logit_14', 'logit_15', 'logit_16', 'logit_17',
       'logit_18', 'logit_19', 'logit_20', 'logit_21', 'logit_22', 'logit_23',
       'logit_24', 'logit_25', 'logit_26', 'logit_27', 'logit_28', 'logit_29',
       'logit_30', 'logit_31', 'logit_32', 'logit_33', 'logit_34', 'logit_35',
       'logit_36', 'logit_37', 'logit_38', 'logit_39', 'logit_40', 'logit_41',
       'logit_42', 'logit_43', 'logit_44', 'logit_45', 'logit_46', 'logit_47',
       'logit_48', 'logit_49', 'logit_50', 'logit_51', 'logit_52', 'logit_53',
       'logit_54', 'logit_55', 'logit_56', 'logit_57', 'logit_58', 'logit_59',
       'logit_60', 'logit_61', 'logit_62', 'logit_63', 'logit_64', 'logit_65',
       'logit_66', 'logit_67', 'logit_68', 'logit_69', 'logit_70', 'logit_71',
       'logit_72', 'logit_73', 'logit_74', 'logit_75', 'logit_76', 'logit_77',
       'logit_78', 'logit_79', 'logit_80', 'logit_81', 'logit_82', 'logit_83',
       'logit_84', 'logit_85', 'logit_86', 'logit_87', 'logit_88', 'logit_89',
       'logit_90', 'logit_91', 'logit_92', 'logit_93', 'logit_94', 'logit_95',
       'logit_96', 'logit_97', 'logit_98', 'logit_99'],
      dtype='object')
PTR ~ C(tissue) + logit_0 + logit_1 + logit_2 + logit_3 + logit_4 + logit_5 + logit_6 + logit_7 + logit_8 + logit_9 + logit_10 + logit_11 + logit_12 + logit_13 + logit_14 + logit_15 + logit_16 + logit_17 + logit_18 + logit_19 + logit_20 + logit_21 + logit_22 + logit_23 + logit_24 + logit_25 + logit_26 + logit_27 + logit_28 + logit_29 + logit_30 + logit_31 + logit_32 + logit_33 + logit_34 + logit_35 + logit_36 + logit_37 + logit_38 + logit_39 + logit_40 + logit_41 + logit_42 + logit_43 + logit_44 + logit_45 + logit_46 + logit_47 + logit_48 + logit_49 + logit_50 + logit_51 + logit_52 + logit_53 + logit_54 + logit_55 + logit_56 + logit_57 + logit_58 + logit_59 + logit_60 + logit_61 + logit_62 + logit_63 + logit_64 + logit_65 + logit_66 + logit_67 + logit_68 + logit_69 + logit_70 + logit_71 + logit_72 + logit_73 + logit_74 + logit_75 + logit_76 + logit_77 + logit_78 + logit_79 + logit_80 + logit_81 + logit_82 + logit_83 + logit_84 + logit_85 + logit_86 + logit_87 + logit_88 + logit_89 + logit_90 + logit_91 + logit_92 + logit_93 + logit_94 + logit_95 + logit_96 + logit_97 + logit_98 + logit_99
Cross-validation folds:   0%|                                                                                                                                           | 0/10 [00:00<?, ?it/s]Cross-validation folds:  10%|█████████████                                                                                                                      | 1/10 [01:02<09:22, 62.55s/it]