Loading checkpoint shards:   0%|                                                                                                                                                                       | 0/7 [00:00<?, ?it/s]Loading checkpoint shards:   0%|                                                                                                                                                                       | 0/7 [00:00<?, ?it/s]
Traceback (most recent call last):
  File "/data/ceph/hdd/project/node_07/ml4rg_students/2025/project01/group04/PTR_ratio_prediction/ESM-2.py", line 51, in <module>
    model = AutoModelForSequenceClassification.from_pretrained(args.model_path, num_labels=args.num_labels)
            ^^^^^^^^^^^^^^^^^^^^^^^^^^^^^^^^^^^^^^^^^^^^^^^^^^^^^^^^^^^^^^^^^^^^^^^^^^^^^^^^^^^^^^^^^^^^^^^
  File "/opt/modules/i12g/anaconda/envs/ptr-1-4/lib/python3.11/site-packages/transformers/models/auto/auto_factory.py", line 571, in from_pretrained
    return model_class.from_pretrained(
           ^^^^^^^^^^^^^^^^^^^^^^^^^^^^
  File "/opt/modules/i12g/anaconda/envs/ptr-1-4/lib/python3.11/site-packages/transformers/modeling_utils.py", line 309, in _wrapper
    return func(*args, **kwargs)
           ^^^^^^^^^^^^^^^^^^^^^
  File "/opt/modules/i12g/anaconda/envs/ptr-1-4/lib/python3.11/site-packages/transformers/modeling_utils.py", line 4574, in from_pretrained
    ) = cls._load_pretrained_model(
        ^^^^^^^^^^^^^^^^^^^^^^^^^^^
  File "/opt/modules/i12g/anaconda/envs/ptr-1-4/lib/python3.11/site-packages/transformers/modeling_utils.py", line 5020, in _load_pretrained_model
    state_dict = load_state_dict(
                 ^^^^^^^^^^^^^^^^
  File "/opt/modules/i12g/anaconda/envs/ptr-1-4/lib/python3.11/site-packages/transformers/modeling_utils.py", line 554, in load_state_dict
    check_torch_load_is_safe()
  File "/opt/modules/i12g/anaconda/envs/ptr-1-4/lib/python3.11/site-packages/transformers/utils/import_utils.py", line 1417, in check_torch_load_is_safe
    raise ValueError(
ValueError: Due to a serious vulnerability issue in `torch.load`, even with `weights_only=True`, we now require users to upgrade torch to at least v2.6 in order to use the function. This version restriction does not apply when loading files with safetensors.
See the vulnerability report here https://nvd.nist.gov/vuln/detail/CVE-2025-32434
