Traceback (most recent call last):
  File "/opt/modules/i12g/anaconda/envs/ptr-1-4/lib/python3.11/site-packages/transformers/utils/import_utils.py", line 2045, in __getattr__
    module = self._get_module(self._class_to_module[name])
             ^^^^^^^^^^^^^^^^^^^^^^^^^^^^^^^^^^^^^^^^^^^^^
  File "/opt/modules/i12g/anaconda/envs/ptr-1-4/lib/python3.11/site-packages/transformers/utils/import_utils.py", line 2075, in _get_module
    raise e
  File "/opt/modules/i12g/anaconda/envs/ptr-1-4/lib/python3.11/site-packages/transformers/utils/import_utils.py", line 2073, in _get_module
    return importlib.import_module("." + module_name, self.__name__)
           ^^^^^^^^^^^^^^^^^^^^^^^^^^^^^^^^^^^^^^^^^^^^^^^^^^^^^^^^^
  File "/opt/modules/i12g/anaconda/envs/ptr-1-4/lib/python3.11/importlib/__init__.py", line 126, in import_module
    return _bootstrap._gcd_import(name[level:], package, level)
           ^^^^^^^^^^^^^^^^^^^^^^^^^^^^^^^^^^^^^^^^^^^^^^^^^^^^
  File "<frozen importlib._bootstrap>", line 1204, in _gcd_import
  File "<frozen importlib._bootstrap>", line 1176, in _find_and_load
  File "<frozen importlib._bootstrap>", line 1147, in _find_and_load_unlocked
  File "<frozen importlib._bootstrap>", line 690, in _load_unlocked
  File "<frozen importlib._bootstrap_external>", line 940, in exec_module
  File "<frozen importlib._bootstrap>", line 241, in _call_with_frames_removed
  File "/opt/modules/i12g/anaconda/envs/ptr-1-4/lib/python3.11/site-packages/transformers/modeling_utils.py", line 73, in <module>
    from .loss.loss_utils import LOSS_MAPPING
  File "/opt/modules/i12g/anaconda/envs/ptr-1-4/lib/python3.11/site-packages/transformers/loss/loss_utils.py", line 21, in <module>
    from .loss_d_fine import DFineForObjectDetectionLoss
  File "/opt/modules/i12g/anaconda/envs/ptr-1-4/lib/python3.11/site-packages/transformers/loss/loss_d_fine.py", line 21, in <module>
    from .loss_for_object_detection import (
  File "/opt/modules/i12g/anaconda/envs/ptr-1-4/lib/python3.11/site-packages/transformers/loss/loss_for_object_detection.py", line 32, in <module>
    from transformers.image_transforms import center_to_corners_format
  File "/opt/modules/i12g/anaconda/envs/ptr-1-4/lib/python3.11/site-packages/transformers/image_transforms.py", line 21, in <module>
    from .image_utils import (
  File "/opt/modules/i12g/anaconda/envs/ptr-1-4/lib/python3.11/site-packages/transformers/image_utils.py", line 59, in <module>
    from torchvision.transforms import InterpolationMode
  File "/opt/modules/i12g/anaconda/envs/ptr-1-4/lib/python3.11/site-packages/torchvision/__init__.py", line 10, in <module>
    from torchvision import _meta_registrations, datasets, io, models, ops, transforms, utils  # usort:skip
    ^^^^^^^^^^^^^^^^^^^^^^^^^^^^^^^^^^^^^^^^^^^^^^^^^^^^^^^^^^^^^^^^^^^^^^^^^^^^^^^^^^^^^^^^^
  File "/opt/modules/i12g/anaconda/envs/ptr-1-4/lib/python3.11/site-packages/torchvision/_meta_registrations.py", line 163, in <module>
    @torch.library.register_fake("torchvision::nms")
     ^^^^^^^^^^^^^^^^^^^^^^^^^^^^^^^^^^^^^^^^^^^^^^^
  File "/opt/modules/i12g/anaconda/envs/ptr-1-4/lib/python3.11/site-packages/torch/library.py", line 1023, in register
    use_lib._register_fake(op_name, func, _stacklevel=stacklevel + 1)
  File "/opt/modules/i12g/anaconda/envs/ptr-1-4/lib/python3.11/site-packages/torch/library.py", line 214, in _register_fake
    handle = entry.fake_impl.register(func_to_register, source)
             ^^^^^^^^^^^^^^^^^^^^^^^^^^^^^^^^^^^^^^^^^^^^^^^^^^
  File "/opt/modules/i12g/anaconda/envs/ptr-1-4/lib/python3.11/site-packages/torch/_library/fake_impl.py", line 31, in register
    if torch._C._dispatch_has_kernel_for_dispatch_key(self.qualname, "Meta"):
       ^^^^^^^^^^^^^^^^^^^^^^^^^^^^^^^^^^^^^^^^^^^^^^^^^^^^^^^^^^^^^^^^^^^^^
RuntimeError: operator torchvision::nms does not exist

The above exception was the direct cause of the following exception:

Traceback (most recent call last):
  File "/opt/modules/i12g/anaconda/envs/ptr-1-4/lib/python3.11/site-packages/transformers/utils/import_utils.py", line 2045, in __getattr__
    module = self._get_module(self._class_to_module[name])
             ^^^^^^^^^^^^^^^^^^^^^^^^^^^^^^^^^^^^^^^^^^^^^
  File "/opt/modules/i12g/anaconda/envs/ptr-1-4/lib/python3.11/site-packages/transformers/utils/import_utils.py", line 2075, in _get_module
    raise e
  File "/opt/modules/i12g/anaconda/envs/ptr-1-4/lib/python3.11/site-packages/transformers/utils/import_utils.py", line 2073, in _get_module
    return importlib.import_module("." + module_name, self.__name__)
           ^^^^^^^^^^^^^^^^^^^^^^^^^^^^^^^^^^^^^^^^^^^^^^^^^^^^^^^^^
  File "/opt/modules/i12g/anaconda/envs/ptr-1-4/lib/python3.11/importlib/__init__.py", line 126, in import_module
    return _bootstrap._gcd_import(name[level:], package, level)
           ^^^^^^^^^^^^^^^^^^^^^^^^^^^^^^^^^^^^^^^^^^^^^^^^^^^^
  File "<frozen importlib._bootstrap>", line 1204, in _gcd_import
  File "<frozen importlib._bootstrap>", line 1176, in _find_and_load
  File "<frozen importlib._bootstrap>", line 1147, in _find_and_load_unlocked
  File "<frozen importlib._bootstrap>", line 690, in _load_unlocked
  File "<frozen importlib._bootstrap_external>", line 940, in exec_module
  File "<frozen importlib._bootstrap>", line 241, in _call_with_frames_removed
  File "/opt/modules/i12g/anaconda/envs/ptr-1-4/lib/python3.11/site-packages/transformers/integrations/integration_utils.py", line 37, in <module>
    from .. import PreTrainedModel, TFPreTrainedModel, TrainingArguments
  File "/opt/modules/i12g/anaconda/envs/ptr-1-4/lib/python3.11/site-packages/transformers/utils/import_utils.py", line 2048, in __getattr__
    raise ModuleNotFoundError(
ModuleNotFoundError: Could not import module 'PreTrainedModel'. Are this object's requirements defined correctly?

The above exception was the direct cause of the following exception:

Traceback (most recent call last):
  File "/opt/modules/i12g/anaconda/envs/ptr-1-4/lib/python3.11/site-packages/transformers/utils/import_utils.py", line 2045, in __getattr__
    module = self._get_module(self._class_to_module[name])
             ^^^^^^^^^^^^^^^^^^^^^^^^^^^^^^^^^^^^^^^^^^^^^
  File "/opt/modules/i12g/anaconda/envs/ptr-1-4/lib/python3.11/site-packages/transformers/utils/import_utils.py", line 2075, in _get_module
    raise e
  File "/opt/modules/i12g/anaconda/envs/ptr-1-4/lib/python3.11/site-packages/transformers/utils/import_utils.py", line 2073, in _get_module
    return importlib.import_module("." + module_name, self.__name__)
           ^^^^^^^^^^^^^^^^^^^^^^^^^^^^^^^^^^^^^^^^^^^^^^^^^^^^^^^^^
  File "/opt/modules/i12g/anaconda/envs/ptr-1-4/lib/python3.11/importlib/__init__.py", line 126, in import_module
    return _bootstrap._gcd_import(name[level:], package, level)
           ^^^^^^^^^^^^^^^^^^^^^^^^^^^^^^^^^^^^^^^^^^^^^^^^^^^^
  File "<frozen importlib._bootstrap>", line 1204, in _gcd_import
  File "<frozen importlib._bootstrap>", line 1176, in _find_and_load
  File "<frozen importlib._bootstrap>", line 1147, in _find_and_load_unlocked
  File "<frozen importlib._bootstrap>", line 690, in _load_unlocked
  File "<frozen importlib._bootstrap_external>", line 940, in exec_module
  File "<frozen importlib._bootstrap>", line 241, in _call_with_frames_removed
  File "/opt/modules/i12g/anaconda/envs/ptr-1-4/lib/python3.11/site-packages/transformers/trainer.py", line 42, in <module>
    from .integrations import (
  File "/opt/modules/i12g/anaconda/envs/ptr-1-4/lib/python3.11/site-packages/transformers/utils/import_utils.py", line 2048, in __getattr__
    raise ModuleNotFoundError(
ModuleNotFoundError: Could not import module 'get_reporting_integration_callbacks'. Are this object's requirements defined correctly?

The above exception was the direct cause of the following exception:

Traceback (most recent call last):
  File "/data/ceph/hdd/project/node_07/ml4rg_students/2025/project01/group04/PTR_ratio_prediction/ESM-2.py", line 6, in <module>
    from transformers import AutoTokenizer,AutoModelForSequenceClassification, TrainingArguments, Trainer
  File "/opt/modules/i12g/anaconda/envs/ptr-1-4/lib/python3.11/site-packages/transformers/utils/import_utils.py", line 2048, in __getattr__
    raise ModuleNotFoundError(
ModuleNotFoundError: Could not import module 'Trainer'. Are this object's requirements defined correctly?
