Loading checkpoint shards:   0%|                  | 0/2 [00:00<?, ?it/s]Loading checkpoint shards:  50%|█████     | 1/2 [00:10<00:10, 10.64s/it]Loading checkpoint shards: 100%|██████████| 2/2 [00:12<00:00,  5.24s/it]Loading checkpoint shards: 100%|██████████| 2/2 [00:12<00:00,  6.05s/it]
Some weights of EsmForSequenceClassification were not initialized from the model checkpoint at ../esm2_t36_3B_UR50D and are newly initialized: ['classifier.dense.bias', 'classifier.dense.weight', 'classifier.out_proj.bias', 'classifier.out_proj.weight']
You should probably TRAIN this model on a down-stream task to be able to use it for predictions and inference.
  0%|                                          | 0/2894 [00:00<?, ?it/s]  0%|                                          | 0/2894 [00:01<?, ?it/s]
Traceback (most recent call last):
  File "/data/ceph/hdd/project/node_07/ml4rg_students/2025/project01/group04/PTR_ratio_prediction/ESM-2.py", line 56, in <module>
    logits_df = run_esm2(inputs, model, device, args.batch_size, seqs)
                ^^^^^^^^^^^^^^^^^^^^^^^^^^^^^^^^^^^^^^^^^^^^^^^^^^^^^^
  File "/data/ceph/hdd/project/node_07/ml4rg_students/2025/project01/group04/PTR_ratio_prediction/ESM-2.py", line 25, in run_esm2
    output = model(**batch_input)
             ^^^^^^^^^^^^^^^^^^^^
  File "/opt/modules/i12g/anaconda/envs/ptr-1-4/lib/python3.11/site-packages/torch/nn/modules/module.py", line 1739, in _wrapped_call_impl
    return self._call_impl(*args, **kwargs)
           ^^^^^^^^^^^^^^^^^^^^^^^^^^^^^^^^
  File "/opt/modules/i12g/anaconda/envs/ptr-1-4/lib/python3.11/site-packages/torch/nn/modules/module.py", line 1750, in _call_impl
    return forward_call(*args, **kwargs)
           ^^^^^^^^^^^^^^^^^^^^^^^^^^^^^
  File "/opt/modules/i12g/anaconda/envs/ptr-1-4/lib/python3.11/site-packages/transformers/models/esm/modeling_esm.py", line 1149, in forward
    outputs = self.esm(
              ^^^^^^^^^
  File "/opt/modules/i12g/anaconda/envs/ptr-1-4/lib/python3.11/site-packages/torch/nn/modules/module.py", line 1739, in _wrapped_call_impl
    return self._call_impl(*args, **kwargs)
           ^^^^^^^^^^^^^^^^^^^^^^^^^^^^^^^^
  File "/opt/modules/i12g/anaconda/envs/ptr-1-4/lib/python3.11/site-packages/torch/nn/modules/module.py", line 1750, in _call_impl
    return forward_call(*args, **kwargs)
           ^^^^^^^^^^^^^^^^^^^^^^^^^^^^^
  File "/opt/modules/i12g/anaconda/envs/ptr-1-4/lib/python3.11/site-packages/transformers/models/esm/modeling_esm.py", line 963, in forward
    encoder_outputs = self.encoder(
                      ^^^^^^^^^^^^^
  File "/opt/modules/i12g/anaconda/envs/ptr-1-4/lib/python3.11/site-packages/torch/nn/modules/module.py", line 1739, in _wrapped_call_impl
    return self._call_impl(*args, **kwargs)
           ^^^^^^^^^^^^^^^^^^^^^^^^^^^^^^^^
  File "/opt/modules/i12g/anaconda/envs/ptr-1-4/lib/python3.11/site-packages/torch/nn/modules/module.py", line 1750, in _call_impl
    return forward_call(*args, **kwargs)
           ^^^^^^^^^^^^^^^^^^^^^^^^^^^^^
  File "/opt/modules/i12g/anaconda/envs/ptr-1-4/lib/python3.11/site-packages/transformers/models/esm/modeling_esm.py", line 729, in forward
    layer_outputs = layer_module(
                    ^^^^^^^^^^^^^
  File "/opt/modules/i12g/anaconda/envs/ptr-1-4/lib/python3.11/site-packages/transformers/modeling_layers.py", line 83, in __call__
    return super().__call__(*args, **kwargs)
           ^^^^^^^^^^^^^^^^^^^^^^^^^^^^^^^^^
  File "/opt/modules/i12g/anaconda/envs/ptr-1-4/lib/python3.11/site-packages/torch/nn/modules/module.py", line 1739, in _wrapped_call_impl
    return self._call_impl(*args, **kwargs)
           ^^^^^^^^^^^^^^^^^^^^^^^^^^^^^^^^
  File "/opt/modules/i12g/anaconda/envs/ptr-1-4/lib/python3.11/site-packages/torch/nn/modules/module.py", line 1750, in _call_impl
    return forward_call(*args, **kwargs)
           ^^^^^^^^^^^^^^^^^^^^^^^^^^^^^
  File "/opt/modules/i12g/anaconda/envs/ptr-1-4/lib/python3.11/site-packages/transformers/models/esm/modeling_esm.py", line 631, in forward
    self_attention_outputs = self.attention(
                             ^^^^^^^^^^^^^^^
  File "/opt/modules/i12g/anaconda/envs/ptr-1-4/lib/python3.11/site-packages/torch/nn/modules/module.py", line 1739, in _wrapped_call_impl
    return self._call_impl(*args, **kwargs)
           ^^^^^^^^^^^^^^^^^^^^^^^^^^^^^^^^
  File "/opt/modules/i12g/anaconda/envs/ptr-1-4/lib/python3.11/site-packages/torch/nn/modules/module.py", line 1750, in _call_impl
    return forward_call(*args, **kwargs)
           ^^^^^^^^^^^^^^^^^^^^^^^^^^^^^
  File "/opt/modules/i12g/anaconda/envs/ptr-1-4/lib/python3.11/site-packages/transformers/models/esm/modeling_esm.py", line 565, in forward
    self_outputs = self.self(
                   ^^^^^^^^^^
  File "/opt/modules/i12g/anaconda/envs/ptr-1-4/lib/python3.11/site-packages/torch/nn/modules/module.py", line 1739, in _wrapped_call_impl
    return self._call_impl(*args, **kwargs)
           ^^^^^^^^^^^^^^^^^^^^^^^^^^^^^^^^
  File "/opt/modules/i12g/anaconda/envs/ptr-1-4/lib/python3.11/site-packages/torch/nn/modules/module.py", line 1750, in _call_impl
    return forward_call(*args, **kwargs)
           ^^^^^^^^^^^^^^^^^^^^^^^^^^^^^
  File "/opt/modules/i12g/anaconda/envs/ptr-1-4/lib/python3.11/site-packages/transformers/models/esm/modeling_esm.py", line 366, in forward
    attention_scores = attention_scores + attention_mask
                       ~~~~~~~~~~~~~~~~~^~~~~~~~~~~~~~~~
torch.OutOfMemoryError: CUDA out of memory. Tried to allocate 14.90 GiB. GPU 0 has a total capacity of 44.42 GiB of which 2.32 GiB is free. Including non-PyTorch memory, this process has 42.09 GiB memory in use. Of the allocated memory 26.98 GiB is allocated by PyTorch, and 14.81 GiB is reserved by PyTorch but unallocated. If reserved but unallocated memory is large try setting PYTORCH_CUDA_ALLOC_CONF=expandable_segments:True to avoid fragmentation.  See documentation for Memory Management  (https://pytorch.org/docs/stable/notes/cuda.html#environment-variables)
